---
source: argus-agent/tests/tui_snapshot_tests.rs
expression: rendered
---
┌ Adaptive RDMA Guard & Utilization Sentinel ──────────────────────────────────┐
│ ARGUS | State: ██ HEALTHY | Source: none | Events: 0 | Uptime: 0.0s | RDMA: —│
└──────────────────────────────────────────────────────────────────────────────┘
┌ IRQ Distribution ────────────────────────────────────────────────────────────┐
│  Waiting for interrupt data...                                               │
│                                                                              │
│                                                                              │
│                                                                              │
│                                                                              │
│                                                                              │
│                                                                              │
│                                                                              │
└──────────────────────────────────────────────────────────────────────────────┘
┌ RDMA Traffic (idl┐┌ IB Errors (/windo┐┌ Slab Allocs (/win┐┌ IRQ Rate (/window┐
│  Waiting for data││  Waiting for data││  Waiting for data││  Waiting for data│
│                  ││                  ││                  ││                  │
│                  ││                  ││                  ││                  │
│                  ││                  ││                  ││                  │
│                  ││                  ││                  ││                  │
│                  ││                  ││                  ││                  │
│                  ││                  ││                  ││                  │
└──────────────────┘└──────────────────┘└──────────────────┘└──────────────────┘
┌ Recent Alerts ───────────────────────────────────────────────────────────────┐
│  No alerts - system nominal                                                  │
│                                                                              │
│                                                                              │
│                                                                              │
│                                                                              │
│                                                                              │
└──────────────────────────────────────────────────────────────────────────────┘
