---
source: argus-agent/tests/tui_snapshot_tests.rs
expression: rendered
---
┌ Adaptive RDMA Guard & Utilization Sentinel ──────────────────────────────────┐
│ ARGUS | State: ██ DEGRADED | Source: scenario | Events: 1000 | Uptime: 25.7s │
└──────────────────────────────────────────────────────────────────────────────┘
┌ IRQ Distribution ────────────────────────────────────────────────────────────┐
│  CPU0  ██████████████████████████████████████████████████████████████ 75%    │
│  CPU1  ████████ 10%                                                          │
│  CPU2  ██████ 8%                                                             │
│  CPU3  █████ 7%                                                              │
│                                                                              │
│                                                                              │
│                                                                              │
│                                                                              │
└──────────────────────────────────────────────────────────────────────────────┘
┌ RDMA Traffic ┐┌ CQ Latency p9┐┌ IB Errors (/w┐┌ Slab Allocs (┐┌ IRQ Rate (/wi┐
│▇▄█           ││    █         ││     █        ││    ▂█▅▂      ││    ▄█▇▆      │
│███           ││    █         ││     █        ││    ████      ││    ████      │
│███▃          ││    █▇        ││    ▅█        ││   ▇████      ││   ▇████      │
│████          ││   ▃███▁      ││    ███▁      ││▅▅▅█████      ││  ▁█████      │
│████▅ ▁       ││   █████      ││   ▄████      ││████████      ││▇███████      │
│█████▇██      ││   █████      ││   █████      ││████████      ││████████      │
│ cur: 90.0  av││ cur: 45.0  av││ cur: 3.0  avg││ cur: 800.0  a││ cur: 720.0  a│
└──────────────┘└──────────────┘└──────────────┘└──────────────┘└──────────────┘
┌ Recent Alerts ───────────────────────────────────────────────────────────────┐
│  19:00:20 interrupt_affinity_skew  [DEGRADED] Interrupt affinity skew: CPU 0 │
│                                                                              │
│                                                                              │
│                                                                              │
│                                                                              │
│                                                                              │
└──────────────────────────────────────────────────────────────────────────────┘
