---
source: argus-agent/tests/tui_snapshot_tests.rs
expression: rendered
---
┌ Adaptive RDMA Guard & Utilization Sentinel ──────────────────────────────────┐
│ ARGUS | State: ██ DEGRADED | Source: scenario | Events: 1000 | Uptime: 25.7s │
└──────────────────────────────────────────────────────────────────────────────┘
┌ IRQ Distribution ────────────────────────────────────────────────────────────┐
│  CPU0  ██████████████████████████████████████████████████████████████ 75%    │
│  CPU1  ████████ 10%                                                          │
│  CPU2  ██████ 8%                                                             │
│  CPU3  █████ 7%                                                              │
│                                                                              │
│                                                                              │
│                                                                              │
│                                                                              │
└──────────────────────────────────────────────────────────────────────────────┘
┌ RDMA Traffic (pkt┐┌ IB Errors (/windo┐┌ Slab Allocs (/win┐┌ IRQ Rate (/window┐
│▇▄█               ││     █            ││    ▂█▅▂          ││    ▄█▇▆          │
│███               ││     █            ││    ████          ││    ████          │
│███▃              ││    ▅█            ││   ▇████          ││   ▇████          │
│████              ││    ███▁          ││▅▅▅█████          ││  ▁█████          │
│████▅ ▁           ││   ▄████          ││████████          ││▇███████          │
│█████▇██          ││   █████          ││████████          ││████████          │
│ cur: 90.0  avg: 2││ cur: 3.0  avg: 2.││ cur: 800.0  avg: ││ cur: 720.0  avg: │
└──────────────────┘└──────────────────┘└──────────────────┘└──────────────────┘
┌ Recent Alerts ───────────────────────────────────────────────────────────────┐
│      20.000s interrupt_affinity_skew  [DEGRADED] Interrupt affinity skew: CPU│
│                                                                              │
│                                                                              │
│                                                                              │
│                                                                              │
│                                                                              │
└──────────────────────────────────────────────────────────────────────────────┘
