---
source: argus-agent/tests/tui_snapshot_tests.rs
expression: rendered
---
┌ Adaptive RDMA Guard & Utilization Sentinel ──────────────────────────────────┐
│ ARGUS | State: ██ HEALTHY | Source: test | Events: 500 | Uptime: 12.3s | RDMA│
└──────────────────────────────────────────────────────────────────────────────┘
┌ IRQ Distribution ────────────────────────────────────────────────────────────┐
│  CPU0  ██████████████████████████████████████████████████████████████ 26%    │
│  CPU1  █████████████████████████████████████████████████████████ 24%         │
│  CPU2  ███████████████████████████████████████████████████████████ 25%       │
│  CPU3  ███████████████████████████████████████████████████████████ 25%       │
│                                                                              │
│                                                                              │
│                                                                              │
│                                                                              │
└──────────────────────────────────────────────────────────────────────────────┘
┌ RDMA Throughput (┐┌ IB Errors (/windo┐┌ Slab Allocs (/win┐┌ IRQ Rate (/window┐
│▂▅▃▄▂█▅▄          ││                  ││▅▅▆▅▄█▅▅          ││ ▄ ▂ ▆█▄          │
│████████          ││                  ││████████          ││▄███▆███          │
│████████          ││                  ││████████          ││████████          │
│████████          ││                  ││████████          ││████████          │
│████████          ││                  ││████████          ││████████          │
│████████          ││                  ││████████          ││████████          │
│ cur: 1060.0  avg:││ cur: 0.0  avg: 0.││ cur: 198.0  avg: ││ cur: 120.0  avg: │
└──────────────────┘└──────────────────┘└──────────────────┘└──────────────────┘
┌ Recent Alerts ───────────────────────────────────────────────────────────────┐
│  No alerts - system nominal                                                  │
│                                                                              │
│                                                                              │
│                                                                              │
│                                                                              │
│                                                                              │
└──────────────────────────────────────────────────────────────────────────────┘
