---
source: argus-agent/tests/tui_snapshot_tests.rs
expression: rendered
---
┌ Adaptive RDMA Guard & Utilization Sentinel ──────────────────────────────────┐
│ ARGUS | State: ██ HEALTHY | Source: none | Events: 0 | Uptime: 0.0s          │
└──────────────────────────────────────────────────────────────────────────────┘
┌ IRQ Distribution ────────────────────────────────────────────────────────────┐
│  Waiting for interrupt data...                                               │
│                                                                              │
│                                                                              │
│                                                                              │
└──────────────────────────────────────────────────────────────────────────────┘
┌ CQ Latency (μs) ───────┐┌ Slab Alloc Latency (μs) ─┐┌ IRQ Count ─────────────┐
│  Waiting for data...   ││  Waiting for data...     ││  Waiting for data...   │
│                        ││                          ││                        │
│                        ││                          ││                        │
│                        ││                          ││                        │
│                        ││                          ││                        │
│                        ││                          ││                        │
│                        ││                          ││                        │
│                        ││                          ││                        │
│                        ││                          ││                        │
└────────────────────────┘└──────────────────────────┘└────────────────────────┘
┌ Recent Alerts ───────────────────────────────────────────────────────────────┐
│  No alerts - system nominal                                                  │
│                                                                              │
│                                                                              │
│                                                                              │
│                                                                              │
│                                                                              │
│                                                                              │
│                                                                              │
└──────────────────────────────────────────────────────────────────────────────┘
