---
source: argus-agent/tests/tui_snapshot_tests.rs
expression: rendered
---
┌ Adaptive RDMA Guard & Utilization Sentinel ──────────────────────────────────┐
│ ARGUS | State: ██ DEGRADED | Source: scenario | Events: 1000 | Uptime: 25.7s │
└──────────────────────────────────────────────────────────────────────────────┘
┌ IRQ Distribution ────────────────────────────────────────────────────────────┐
│  CPU0  ██████████████████████████████████████████████████████████████ 75%    │
│  CPU1  ████████ 10%                                                          │
│  CPU2  ██████ 8%                                                             │
│  CPU3  █████ 7%                                                              │
└──────────────────────────────────────────────────────────────────────────────┘
┌ CQ Latency (μs) ───────┐┌ Slab Alloc Latency (μs) ─┐┌ IRQ Count ─────────────┐
│     █                  ││     █                    ││    ▃█▆▅                │
│    ▆█▆▁                ││    ▃█▇                   ││    ████                │
│    ████                ││    ███▆                  ││   ▂████                │
│   ▄████                ││   ▁████                  ││   █████                │
│   █████                ││   █████                  ││   █████                │
│   █████                ││▅▅▅█████                  ││▅▅▇█████                │
│ ▁ █████                ││████████                  ││████████                │
│████████                ││████████                  ││████████                │
│ cur: 11.0  avg: 7.9    ││ cur: 1.1  avg: 0.9       ││ cur: 720.0  avg: 525.0 │
└────────────────────────┘└──────────────────────────┘└────────────────────────┘
┌ Recent Alerts ───────────────────────────────────────────────────────────────┐
│      20.000s interrupt_affinity_skew  [DEGRADED] Interrupt affinity skew: CPU│
│                                                                              │
│                                                                              │
│                                                                              │
│                                                                              │
│                                                                              │
│                                                                              │
│                                                                              │
└──────────────────────────────────────────────────────────────────────────────┘
