---
source: argus-agent/tests/tui_snapshot_tests.rs
expression: rendered
---
┌ Adaptive RDMA Guard & Utilization Sentinel ──────────────────────────────────┐
│ ARGUS | State: ██ HEALTHY | Source: test | Events: 500 | Uptime: 12.3s       │
└──────────────────────────────────────────────────────────────────────────────┘
┌ IRQ Distribution ────────────────────────────────────────────────────────────┐
│  CPU0  ██████████████████████████████████████████████████████████████ 26%    │
│  CPU1  █████████████████████████████████████████████████████████ 24%         │
│  CPU2  ███████████████████████████████████████████████████████████ 25%       │
│  CPU3  ███████████████████████████████████████████████████████████ 25%       │
└──────────────────────────────────────────────────────────────────────────────┘
┌ CQ Latency (μs) ───────┐┌ Slab Alloc Latency (μs) ─┐┌ IRQ Count ─────────────┐
│▁▄ ▁█ ▁▄                ││▅▃█▅▄▆▅▃                  ││ ▂   ▅█▂                │
│██▇██▃██                ││████████                  ││ █▅█▃███                │
│████████                ││████████                  ││████████                │
│████████                ││████████                  ││████████                │
│████████                ││████████                  ││████████                │
│████████                ││████████                  ││████████                │
│████████                ││████████                  ││████████                │
│████████                ││████████                  ││████████                │
│ cur: 2.1  avg: 2.0     ││ cur: 0.5  avg: 0.5       ││ cur: 120.0  avg: 115.6 │
└────────────────────────┘└──────────────────────────┘└────────────────────────┘
┌ Recent Alerts ───────────────────────────────────────────────────────────────┐
│  No alerts - system nominal                                                  │
│                                                                              │
│                                                                              │
│                                                                              │
│                                                                              │
│                                                                              │
│                                                                              │
│                                                                              │
└──────────────────────────────────────────────────────────────────────────────┘
