---
source: argus-agent/tests/tui_snapshot_tests.rs
expression: rendered
---
┌ Adaptive RDMA Guard & Utilization Sentinel ──────────────────────────────────┐
│ ARGUS | State: ██ HEALTHY | Source: test | Events: 500 | Uptime: 12.3s | RDMA│
└──────────────────────────────────────────────────────────────────────────────┘
┌ IRQ Distribution ────────────────────────────────────────────────────────────┐
│  CPU0  ██████████████████████████████████████████████████████████████ 26%    │
│  CPU1  █████████████████████████████████████████████████████████ 24%         │
│  CPU2  ███████████████████████████████████████████████████████████ 25%       │
│  CPU3  ███████████████████████████████████████████████████████████ 25%       │
│                                                                              │
│                                                                              │
│                                                                              │
│                                                                              │
└──────────────────────────────────────────────────────────────────────────────┘
┌ RDMA Throughp┐┌ CQ Latency p9┐┌ IB Errors (/w┐┌ Slab Allocs (┐┌ IRQ Rate (/wi┐
│▂▅▃▄▂█▅▄      ││▃▅▁▃█▃ ▅      ││              ││▅▅▆▅▄█▅▅      ││ ▄ ▂ ▆█▄      │
│████████      ││██████▆█      ││              ││████████      ││▄███▆███      │
│████████      ││████████      ││              ││████████      ││████████      │
│████████      ││████████      ││              ││████████      ││████████      │
│████████      ││████████      ││              ││████████      ││████████      │
│████████      ││████████      ││              ││████████      ││████████      │
│ cur: 1060.0  ││ cur: 2.1  avg││ cur: 0.0  avg││ cur: 198.0  a││ cur: 120.0  a│
└──────────────┘└──────────────┘└──────────────┘└──────────────┘└──────────────┘
┌ Recent Alerts ───────────────────────────────────────────────────────────────┐
│  No alerts - system nominal                                                  │
│                                                                              │
│                                                                              │
│                                                                              │
│                                                                              │
│                                                                              │
└──────────────────────────────────────────────────────────────────────────────┘
