---
source: argus-agent/tests/tui_snapshot_tests.rs
expression: rendered
---
┌ Adaptive RDMA Guard & Utilization Sentinel ──────────────────────────────────┐
│ ARGUS | State: ██ HEALTHY | Source: none | Events: 0 | Uptime: 0.0s | RDMA: —│
└──────────────────────────────────────────────────────────────────────────────┘
┌ IRQ Distribution ────────────────────────────────────────────────────────────┐
│  Waiting for interrupt data...                                               │
│                                                                              │
│                                                                              │
│                                                                              │
│                                                                              │
│                                                                              │
│                                                                              │
│                                                                              │
└──────────────────────────────────────────────────────────────────────────────┘
┌ RDMA Traffic ┐┌ CQ Latency p9┐┌ IB Errors (/w┐┌ Slab Allocs (┐┌ IRQ Rate (/wi┐
│  Waiting for ││  Waiting for ││  Waiting for ││  Waiting for ││  Waiting for │
│              ││              ││              ││              ││              │
│              ││              ││              ││              ││              │
│              ││              ││              ││              ││              │
│              ││              ││              ││              ││              │
│              ││              ││              ││              ││              │
│              ││              ││              ││              ││              │
└──────────────┘└──────────────┘└──────────────┘└──────────────┘└──────────────┘
┌ Recent Alerts ───────────────────────────────────────────────────────────────┐
│  No alerts - system nominal                                                  │
│                                                                              │
│                                                                              │
│                                                                              │
│                                                                              │
│                                                                              │
└──────────────────────────────────────────────────────────────────────────────┘
